// Jest Snapshot v1, https://goo.gl/fbAQLP

exports[`AppHeader should render the header with the correct links 1`] = `
<body>
  <div>
    <header
      class="root"
    >
      <div
        class="links"
      >
        <a
          href="/"
        >
          Home
        </a>
        <a
          href="/samples"
        >
          Samples
        </a>
      </div>
    </header>
  </div>
</body>
`;
